// Jest Snapshot v1, https://goo.gl/fbAQLP

exports[`Test Register page renders correctly 1`] = `
Object {
  "asFragment": [Function],
  "baseElement": <body>
    <div>
      <div
        class="login-box"
      >
        <form>
          <div
            class="user-box"
          >
            <input
              class="form-control"
              id="name"
              required=""
              type="text"
              value=""
            />
            <label
              for="name"
            >
              name
            </label>
          </div>
          <div
            class="user-box"
          >
            <input
              class="form-control"
              id="photo"
              multiple=""
              required=""
              type="text"
            />
            <label
              for="photo"
            >
              Image
            </label>
          </div>
          <div
            class="user-box"
          >
            <input
              class="form-control"
              id="title"
              required=""
              type="text"
            />
            <label
              for="title"
            >
              title 
            </label>
          </div>
          <div
            class="user-box"
          >
            <input
              class="form-control"
              id="description"
              required=""
              type="text"
            />
            <label
              for="description"
            >
              Description
            </label>
          </div>
          <div
            class="user-box"
          >
            <input
              class="form-control"
              id="salary"
              required=""
              type="number"
            />
            <label
              for="salary"
            >
              salary
            </label>
          </div>
          <div
            class="user-box"
          >
            <input
              class="form-control"
              id="rating"
              required=""
              type="number"
            />
            <label
              for="rating"
            >
              rating
            </label>
          </div>
          <a
            href="#"
          >
            <span />
            <span />
            <span />
            <span />
            <button
              type="submit"
            >
              Add Developer
            </button>
          </a>
        </form>
      </div>
    </div>
  </body>,
  "container": <div>
    <div
      class="login-box"
    >
      <form>
        <div
          class="user-box"
        >
          <input
            class="form-control"
            id="name"
            required=""
            type="text"
            value=""
          />
          <label
            for="name"
          >
            name
          </label>
        </div>
        <div
          class="user-box"
        >
          <input
            class="form-control"
            id="photo"
            multiple=""
            required=""
            type="text"
          />
          <label
            for="photo"
          >
            Image
          </label>
        </div>
        <div
          class="user-box"
        >
          <input
            class="form-control"
            id="title"
            required=""
            type="text"
          />
          <label
            for="title"
          >
            title 
          </label>
        </div>
        <div
          class="user-box"
        >
          <input
            class="form-control"
            id="description"
            required=""
            type="text"
          />
          <label
            for="description"
          >
            Description
          </label>
        </div>
        <div
          class="user-box"
        >
          <input
            class="form-control"
            id="salary"
            required=""
            type="number"
          />
          <label
            for="salary"
          >
            salary
          </label>
        </div>
        <div
          class="user-box"
        >
          <input
            class="form-control"
            id="rating"
            required=""
            type="number"
          />
          <label
            for="rating"
          >
            rating
          </label>
        </div>
        <a
          href="#"
        >
          <span />
          <span />
          <span />
          <span />
          <button
            type="submit"
          >
            Add Developer
          </button>
        </a>
      </form>
    </div>
  </div>,
  "debug": [Function],
  "findAllByAltText": [Function],
  "findAllByDisplayValue": [Function],
  "findAllByLabelText": [Function],
  "findAllByPlaceholderText": [Function],
  "findAllByRole": [Function],
  "findAllByTestId": [Function],
  "findAllByText": [Function],
  "findAllByTitle": [Function],
  "findByAltText": [Function],
  "findByDisplayValue": [Function],
  "findByLabelText": [Function],
  "findByPlaceholderText": [Function],
  "findByRole": [Function],
  "findByTestId": [Function],
  "findByText": [Function],
  "findByTitle": [Function],
  "getAllByAltText": [Function],
  "getAllByDisplayValue": [Function],
  "getAllByLabelText": [Function],
  "getAllByPlaceholderText": [Function],
  "getAllByRole": [Function],
  "getAllByTestId": [Function],
  "getAllByText": [Function],
  "getAllByTitle": [Function],
  "getByAltText": [Function],
  "getByDisplayValue": [Function],
  "getByLabelText": [Function],
  "getByPlaceholderText": [Function],
  "getByRole": [Function],
  "getByTestId": [Function],
  "getByText": [Function],
  "getByTitle": [Function],
  "queryAllByAltText": [Function],
  "queryAllByDisplayValue": [Function],
  "queryAllByLabelText": [Function],
  "queryAllByPlaceholderText": [Function],
  "queryAllByRole": [Function],
  "queryAllByTestId": [Function],
  "queryAllByText": [Function],
  "queryAllByTitle": [Function],
  "queryByAltText": [Function],
  "queryByDisplayValue": [Function],
  "queryByLabelText": [Function],
  "queryByPlaceholderText": [Function],
  "queryByRole": [Function],
  "queryByTestId": [Function],
  "queryByText": [Function],
  "queryByTitle": [Function],
  "rerender": [Function],
  "unmount": [Function],
}
`;
